  0:00 ------------------------------------------------------------
  0:00 InitGame:
  0:00 J;6251767;0;TeaBeey
  0:41 ShutdownGame:
  0:41 ------------------------------------------------------------
  0:00 ------------------------------------------------------------
  0:00 InitGame:
  0:00 J;6251767;0;TeaBeey
  2:04 ShutdownGame:
  2:04 ------------------------------------------------------------
  0:00 ------------------------------------------------------------
  0:00 InitGame:
  0:00 J;6251767;0;TeaBeey
  4:04 ShutdownGame:
  4:04 ------------------------------------------------------------
  0:00 ------------------------------------------------------------
  0:00 InitGame:
  4:07 J;6251767;0;TeaBeey
  9:44 ShutdownGame:
  9:44 ------------------------------------------------------------
  0:00 ------------------------------------------------------------
  0:00 InitGame:
  9:44 J;6251767;0;TeaBeey
 18:01 ShutdownGame:
 18:01 ------------------------------------------------------------
