  0:00 ------------------------------------------------------------
  0:00 InitGame:
  0:00 J;6251767;0;TeaBeey
  0:28 ShutdownGame:
  0:28 ------------------------------------------------------------
  0:00 ------------------------------------------------------------
  0:00 InitGame:
  0:30 J;6251767;0;TeaBeey
 21:12 ShutdownGame:
 21:12 ------------------------------------------------------------
  0:00 ------------------------------------------------------------
  0:00 InitGame:
  0:00 J;6251767;0;TeaBeey
  0:04 ShutdownGame:
  0:04 ------------------------------------------------------------
  0:00 ------------------------------------------------------------
  0:00 InitGame:
  0:00 J;6251767;0;TeaBeey
  0:13 ShutdownGame:
  0:13 ------------------------------------------------------------
  0:00 ------------------------------------------------------------
  0:00 InitGame:
  0:15 J;6251767;0;TeaBeey
 27:58 ShutdownGame:
 27:58 ------------------------------------------------------------
  0:00 ------------------------------------------------------------
  0:00 InitGame:
  0:00 J;6251767;0;TeaBeey
  1:01 ShutdownGame:
  1:01 ------------------------------------------------------------
  0:00 ------------------------------------------------------------
  0:00 InitGame:
  1:04 J;6251767;0;TeaBeey
  1:08 ShutdownGame:
  1:08 ------------------------------------------------------------
  0:00 ------------------------------------------------------------
  0:00 InitGame:
  0:00 J;6251767;0;TeaBeey
  0:30 ShutdownGame:
  0:30 ------------------------------------------------------------
  0:00 ------------------------------------------------------------
  0:00 InitGame:
  0:32 J;6251767;0;TeaBeey
  5:47 ShutdownGame:
  5:47 ------------------------------------------------------------
  0:00 ------------------------------------------------------------
  0:00 InitGame:
  5:48 J;6251767;0;TeaBeey
 72:15 ShutdownGame:
 72:15 ------------------------------------------------------------
  0:00 ------------------------------------------------------------
  0:00 InitGame:
  0:00 J;6251767;0;TeaBeey
  4:44 ShutdownGame:
  4:44 ------------------------------------------------------------
  0:00 ------------------------------------------------------------
  0:00 InitGame:
  0:00 J;6251767;0;TeaBeey
  0:15 ShutdownGame:
  0:15 ------------------------------------------------------------
  0:00 ------------------------------------------------------------
  0:00 InitGame:
  0:17 J;6251767;0;TeaBeey
  0:31 ShutdownGame:
  0:31 ------------------------------------------------------------
  0:00 ------------------------------------------------------------
  0:00 InitGame:
  0:31 J;6251767;0;TeaBeey
  0:34 ShutdownGame:
  0:34 ------------------------------------------------------------
  0:00 ------------------------------------------------------------
  0:00 InitGame:
  0:34 J;6251767;0;TeaBeey
  0:37 ShutdownGame:
  0:37 ------------------------------------------------------------
  0:00 ------------------------------------------------------------
  0:00 InitGame:
  0:37 J;6251767;0;TeaBeey
  0:41 ShutdownGame:
  0:41 ------------------------------------------------------------
  0:00 ------------------------------------------------------------
  0:00 InitGame:
  0:41 J;6251767;0;TeaBeey
  0:45 ShutdownGame:
  0:45 ------------------------------------------------------------
  0:00 ------------------------------------------------------------
  0:00 InitGame:
  0:45 J;6251767;0;TeaBeey
 34:25 ShutdownGame:
 34:25 ------------------------------------------------------------
  0:00 ------------------------------------------------------------
  0:00 InitGame:
  0:00 J;6251767;0;TeaBeey
  0:25 ShutdownGame:
  0:25 ------------------------------------------------------------
  0:00 ------------------------------------------------------------
  0:00 InitGame:
  0:28 J;6251767;0;TeaBeey
  0:41 ShutdownGame:
  0:41 ------------------------------------------------------------
  0:00 ------------------------------------------------------------
  0:00 InitGame:
  0:00 J;6251767;0;TeaBeey
  0:15 ShutdownGame:
  0:15 ------------------------------------------------------------
  0:00 ------------------------------------------------------------
  0:00 InitGame:
  0:17 J;6251767;0;TeaBeey
 34:59 ShutdownGame:
 34:59 ------------------------------------------------------------
  0:00 ------------------------------------------------------------
  0:00 InitGame:
  0:00 J;6251767;0;TeaBeey
  0:05 ShutdownGame:
  0:05 ------------------------------------------------------------
  0:00 ------------------------------------------------------------
  0:00 InitGame:
  0:00 J;6251767;0;TeaBeey
  0:20 ShutdownGame:
  0:20 ------------------------------------------------------------
  0:00 ------------------------------------------------------------
  0:00 InitGame:
  0:22 J;6251767;0;TeaBeey
  5:41 ShutdownGame:
  5:41 ------------------------------------------------------------
  0:00 ------------------------------------------------------------
  0:00 InitGame:
  5:41 J;6251767;0;TeaBeey
  5:54 ShutdownGame:
  5:54 ------------------------------------------------------------
  0:00 ------------------------------------------------------------
  0:00 InitGame:
  5:54 J;6251767;0;TeaBeey
  5:58 ShutdownGame:
  5:58 ------------------------------------------------------------
  0:00 ------------------------------------------------------------
  0:00 InitGame:
  5:58 J;6251767;0;TeaBeey
100:44 ShutdownGame:
100:44 ------------------------------------------------------------
  0:00 ------------------------------------------------------------
  0:00 InitGame:
  0:00 J;6251767;0;TeaBeey
  0:49 ShutdownGame:
  0:49 ------------------------------------------------------------
  0:00 ------------------------------------------------------------
  0:00 InitGame:
  0:00 J;6251767;0;TeaBeey
  1:13 ShutdownGame:
  1:13 ------------------------------------------------------------
  0:00 ------------------------------------------------------------
  0:00 InitGame:
  0:01 J;6251767;0;TeaBeey
  0:08 J;6426223;1;KoalaKong
  0:27 ShutdownGame:
  0:27 ------------------------------------------------------------
  0:00 ------------------------------------------------------------
  0:00 InitGame:
  0:00 J;6251767;0;TeaBeey
  0:39 ShutdownGame:
  0:39 ------------------------------------------------------------
  0:00 ------------------------------------------------------------
  0:00 InitGame:
  0:00 J;6251767;0;TeaBeey
  0:19 ShutdownGame:
  0:19 ------------------------------------------------------------
  0:00 ------------------------------------------------------------
  0:00 InitGame:
  0:22 J;6251767;0;TeaBeey
  0:32 ShutdownGame:
  0:32 ------------------------------------------------------------
  0:00 ------------------------------------------------------------
  0:00 InitGame:
  0:00 J;6251767;0;TeaBeey
 11:08 ShutdownGame:
 11:08 ------------------------------------------------------------
  0:00 ------------------------------------------------------------
  0:00 InitGame:
  0:00 J;6251767;0;TeaBeey
  0:32 ShutdownGame:
  0:32 ------------------------------------------------------------
  0:00 ------------------------------------------------------------
  0:00 InitGame:
  0:01 J;6251767;0;TeaBeey
  0:07 J;6426223;2;KoalaKong
  0:11 J;6299053;1;wesir
  9:32 Q;6299053;1;wesir
 18:28 ExitLevel: executed
 18:28 ShutdownGame:
 18:28 ------------------------------------------------------------
  0:00 ------------------------------------------------------------
  0:00 InitGame:
  0:00 J;6251767;0;TeaBeey
 20:03 ShutdownGame:
 20:03 ------------------------------------------------------------
  0:00 ------------------------------------------------------------
  0:00 InitGame:
  0:01 J;6251767;0;TeaBeey
  0:07 J;6426223;1;KoalaKong
  0:11 J;6299053;2;wesir
  6:13 say;6251767;0;TeaBeey;gg for you zombs he got the ppsh
  8:39 Weapon;6251767;0;TeaBeey;stielhandgranate
 14:19 ExitLevel: executed
 14:19 ShutdownGame:
 14:19 ------------------------------------------------------------
  0:00 ------------------------------------------------------------
  0:00 InitGame:
  0:00 J;6251767;0;TeaBeey
  3:26 ShutdownGame:
  3:26 ------------------------------------------------------------
  0:00 ------------------------------------------------------------
  0:00 InitGame:
  0:01 J;6251767;0;TeaBeey
  0:08 J;6426223;1;KoalaKong
  0:12 J;6299053;2;wesir
 42:47 Weapon;6251767;0;TeaBeey;stielhandgranate
 68:56 Weapon;6251767;0;TeaBeey;stielhandgranate
 71:47 Q;6299053;2;wesir
 71:56 ExitLevel: executed
 71:56 ShutdownGame:
 71:56 ------------------------------------------------------------
  0:00 ------------------------------------------------------------
  0:00 InitGame:
  0:00 J;6251767;0;TeaBeey
  0:44 ShutdownGame:
  0:44 ------------------------------------------------------------
