  0:00 ------------------------------------------------------------
  0:00 InitGame:
  1:05 J;6251767;0;TeaBeey
  1:26 Q;6251767;0;TeaBeey
  1:46 ExitLevel: executed
  1:46 ShutdownGame:
  1:46 ------------------------------------------------------------
  0:00 ------------------------------------------------------------
  0:00 InitGame:
  0:00 ------------------------------------------------------------
  0:00 InitGame:
 10:58 J;6299053;0;wesir
 11:38 J;6251767;1;TeaBeey
 17:28 Q;6251767;1;TeaBeey
 18:00 ShutdownGame:
 18:00 ------------------------------------------------------------
  0:00 ------------------------------------------------------------
  0:00 InitGame:
  0:43 ShutdownGame:
  0:43 ------------------------------------------------------------
  0:00 ------------------------------------------------------------
  0:00 InitGame:
  0:41 J;6299053;0;wesir
  1:00 ShutdownGame:
  1:00 ------------------------------------------------------------
  0:00 ------------------------------------------------------------
  0:00 InitGame:
  0:58 J;6251767;0;TeaBeey
  1:14 J;6299053;1;wesir
 20:58 Q;6299053;1;wesir
 22:44 Q;6251767;0;TeaBeey
 22:58 ExitLevel: executed
 22:58 ShutdownGame:
 22:58 ------------------------------------------------------------
  0:00 ------------------------------------------------------------
  0:00 InitGame:
